MariaDB [hr]> select first_name,last_name from employees where salary = max(salary);
ERROR 1111 (HY000): Invalid use of group function
MariaDB [hr]> select first_name,last_name from employees where employees.salary = max(salary);
ERROR 1111 (HY000): Invalid use of group function
MariaDB [hr]> select first_name,last_name from employees where salary = (select max(salary) from employees);
+------------+-----------+
| first_name | last_name |
+------------+-----------+
| Steven     | King      |
+------------+-----------+
1 row in set (0.003 sec)

MariaDB [hr]> select employee_id, employee_name from employee natural join jobs where job_id in (select job.job_id from job where job_title = 'clerk');
ERROR 1146 (42S02): Table 'hr.employee' doesn't exist
MariaDB [hr]> select employee_id, employee_name from employees natural join jobs where job_id in (select job.job_id from job where job_title = 'clerk');
ERROR 1146 (42S02): Table 'hr.job' doesn't exist
MariaDB [hr]> select employee_id, employee_name from employees natural join jobs where job_id in (select jobs.job_id from jobs where job_title = 'clerk');
ERROR 1054 (42S22): Unknown column 'employee_name' in 'field list'
MariaDB [hr]> select employee_id, first_name from employees natural join jobs where job_id in (select jobs.job_id from jobs where job_title = 'clerk');
Empty set (0.003 sec)

MariaDB [hr]> select employee_id, first_name from employees natural join jobs where job_id in (select jobs.job_id from jobs where job_title = 'clerk' and salary = max(salary);
ERROR 1064 (42000): You have an error in your SQL syntax; check the manual that corresponds to your MariaDB server version for the right syntax to use near '' at line 1
MariaDB [hr]> select employee_id, first_name from employees natural join jobs where job_id in (select jobs.job_id from jobs where job_title = 'clerk' and salary = max(salary);
ERROR 1064 (42000): You have an error in your SQL syntax; check the manual that corresponds to your MariaDB server version for the right syntax to use near '' at line 1
MariaDB [hr]> select employee_id, first_name from employees natural join jobs where job_id in (select jobs.job_id from jobs where job_title = 'clerk' and salary = max(salary));
ERROR 1111 (HY000): Invalid use of group function
MariaDB [hr]> select employee_id, first_name from employees natural join jobs where job_id in (select jobs.job_id from jobs where job_title = 'clerk');
Empty set (0.002 sec)

MariaDB [hr]> select employee_id, first_name from employees natural jobs where job_id in (select jobs.job_id from jobs where job_title = 'clerk');
ERROR 1064 (42000): You have an error in your SQL syntax; check the manual that corresponds to your MariaDB server version for the right syntax to use near 'jobs where job_id in (select jobs.job_id from jobs where job_title = 'clerk')' at line 1
MariaDB [hr]> select employee_id, first_name from employees join jobs where job_id in (select jobs.job_id from jobs where job_title = 'clerk');
ERROR 1052 (23000): Column 'job_id' in IN/ALL/ANY subquery is ambiguous
MariaDB [hr]> select employee_id, first_name from employees join jobs where (select jobs.job_id from jobs where job_title = 'clerk');
Empty set (0.001 sec)

MariaDB [hr]> select employee_id, first_name from employees join jobs where (select jobs.job_id from jobs where job_title = 'clerk');
Empty set (0.000 sec)

MariaDB [hr]> select employee_id, first_name from employees natural join jobs where (select jobs.job_id from jobs where job_title = 'clerk');
Empty set (0.000 sec)

MariaDB [hr]> select * from employees;
+-------------+-------------+-------------+----------+--------------------+------------+------------+----------+----------------+------------+---------------+
| employee_id | first_name  | last_name   | email    | phone_number       | hire_date  | job_id     | salary   | commission_pct | manager_id | department_id |
+-------------+-------------+-------------+----------+--------------------+------------+------------+----------+----------------+------------+---------------+
|         100 | Steven      | King        | SKING    | 515.123.4567       | 1987-06-17 | AD_PRES    | 24000.00 |           NULL |       NULL |            90 |
|         101 | Neena       | Kochhar     | NKOCHHAR | 515.123.4568       | 1989-09-21 | AD_VP      | 17000.00 |           NULL |        100 |            90 |
|         102 | Lex         | De Haan     | LDEHAAN  | 515.123.4569       | 1993-01-13 | AD_VP      | 17000.00 |           NULL |        100 |            90 |
|         103 | Alexander   | Hunold      | AHUNOLD  | 590.423.4567       | 1990-01-03 | IT_PROG    |  9000.00 |           NULL |        102 |            60 |
|         104 | Bruce       | Ernst       | BERNST   | 590.423.4568       | 1991-05-21 | IT_PROG    |  6000.00 |           NULL |        103 |            60 |
|         105 | David       | Austin      | DAUSTIN  | 590.423.4569       | 1997-06-25 | IT_PROG    |  4800.00 |           NULL |        103 |            60 |
|         106 | Valli       | Pataballa   | VPATABAL | 590.423.4560       | 1998-02-05 | IT_PROG    |  4800.00 |           NULL |        103 |            60 |
|         107 | Diana       | Lorentz     | DLORENTZ | 590.423.5567       | 1999-02-07 | IT_PROG    |  4200.00 |           NULL |        103 |            60 |
|         108 | Nancy       | Greenberg   | NGREENBE | 515.124.4569       | 1994-08-17 | FI_MGR     | 12000.00 |           NULL |        101 |           100 |
|         109 | Daniel      | Faviet      | DFAVIET  | 515.124.4169       | 1994-08-16 | FI_ACCOUNT |  9000.00 |           NULL |        108 |           100 |
|         110 | John        | Chen        | JCHEN    | 515.124.4269       | 1997-09-28 | FI_ACCOUNT |  8200.00 |           NULL |        108 |           100 |
|         111 | Ismael      | Sciarra     | ISCIARRA | 515.124.4369       | 1997-09-30 | FI_ACCOUNT |  7700.00 |           NULL |        108 |           100 |
|         112 | Jose Manuel | Urman       | JMURMAN  | 515.124.4469       | 1998-03-07 | FI_ACCOUNT |  7800.00 |           NULL |        108 |           100 |
|         113 | Luis        | Popp        | LPOPP    | 515.124.4567       | 1999-12-07 | FI_ACCOUNT |  6900.00 |           NULL |        108 |           100 |
|         114 | Den         | Raphaely    | DRAPHEAL | 515.127.4561       | 1994-12-07 | PU_MAN     | 11000.00 |           NULL |        100 |            30 |
|         115 | Alexander   | Khoo        | AKHOO    | 515.127.4562       | 1995-05-18 | PU_CLERK   |  3100.00 |           NULL |        114 |            30 |
|         116 | Shelli      | Baida       | SBAIDA   | 515.127.4563       | 1997-12-24 | PU_CLERK   |  2900.00 |           NULL |        114 |            30 |
|         117 | Sigal       | Tobias      | STOBIAS  | 515.127.4564       | 1997-07-24 | PU_CLERK   |  2800.00 |           NULL |        114 |            30 |
|         118 | Guy         | Himuro      | GHIMURO  | 515.127.4565       | 1998-11-15 | PU_CLERK   |  2600.00 |           NULL |        114 |            30 |
|         119 | Karen       | Colmenares  | KCOLMENA | 515.127.4566       | 1999-08-10 | PU_CLERK   |  2500.00 |           NULL |        114 |            30 |
|         120 | Matthew     | Weiss       | MWEISS   | 650.123.1234       | 1996-07-18 | ST_MAN     |  8000.00 |           NULL |        100 |            50 |
|         121 | Adam        | Fripp       | AFRIPP   | 650.123.2234       | 1997-04-10 | ST_MAN     |  8200.00 |           NULL |        100 |            50 |
|         122 | Payam       | Kaufling    | PKAUFLIN | 650.123.3234       | 1995-05-01 | ST_MAN     |  7900.00 |           NULL |        100 |            50 |
|         123 | Shanta      | Vollman     | SVOLLMAN | 650.123.4234       | 1997-10-10 | ST_MAN     |  6500.00 |           NULL |        100 |            50 |
|         124 | Kevin       | Mourgos     | KMOURGOS | 650.123.5234       | 1999-11-16 | ST_MAN     |  5800.00 |           NULL |        100 |            50 |
|         125 | Julia       | Nayer       | JNAYER   | 650.124.1214       | 1997-07-16 | ST_CLERK   |  3200.00 |           NULL |        120 |            50 |
|         126 | Irene       | Mikkilineni | IMIKKILI | 650.124.1224       | 1998-09-28 | ST_CLERK   |  2700.00 |           NULL |        120 |            50 |
|         127 | James       | Landry      | JLANDRY  | 650.124.1334       | 1999-01-14 | ST_CLERK   |  2400.00 |           NULL |        120 |            50 |
|         128 | Steven      | Markle      | SMARKLE  | 650.124.1434       | 2000-03-08 | ST_CLERK   |  2200.00 |           NULL |        120 |            50 |
|         129 | Laura       | Bissot      | LBISSOT  | 650.124.5234       | 1997-08-20 | ST_CLERK   |  3300.00 |           NULL |        121 |            50 |
|         130 | Mozhe       | Atkinson    | MATKINSO | 650.124.6234       | 1997-10-30 | ST_CLERK   |  2800.00 |           NULL |        121 |            50 |
|         131 | James       | Marlow      | JAMRLOW  | 650.124.7234       | 1997-02-16 | ST_CLERK   |  2500.00 |           NULL |        121 |            50 |
|         132 | TJ          | Olson       | TJOLSON  | 650.124.8234       | 1999-04-10 | ST_CLERK   |  2100.00 |           NULL |        121 |            50 |
|         133 | Jason       | Mallin      | JMALLIN  | 650.127.1934       | 1996-06-14 | ST_CLERK   |  3300.00 |           NULL |        122 |            50 |
|         134 | Michael     | Rogers      | MROGERS  | 650.127.1834       | 1998-08-26 | ST_CLERK   |  2900.00 |           NULL |        122 |            50 |
|         135 | Ki          | Gee         | KGEE     | 650.127.1734       | 1999-12-12 | ST_CLERK   |  2400.00 |           NULL |        122 |            50 |
|         136 | Hazel       | Philtanker  | HPHILTAN | 650.127.1634       | 2000-02-06 | ST_CLERK   |  2200.00 |           NULL |        122 |            50 |
|         137 | Renske      | Ladwig      | RLADWIG  | 650.121.1234       | 1995-07-14 | ST_CLERK   |  3600.00 |           NULL |        123 |            50 |
|         138 | Stephen     | Stiles      | SSTILES  | 650.121.2034       | 1997-10-26 | ST_CLERK   |  3200.00 |           NULL |        123 |            50 |
|         139 | John        | Seo         | JSEO     | 650.121.2019       | 1998-02-12 | ST_CLERK   |  2700.00 |           NULL |        123 |            50 |
|         140 | Joshua      | Patel       | JPATEL   | 650.121.1834       | 1998-04-06 | ST_CLERK   |  2500.00 |           NULL |        123 |            50 |
|         141 | Trenna      | Rajs        | TRAJS    | 650.121.8009       | 1995-10-17 | ST_CLERK   |  3500.00 |           NULL |        124 |            50 |
|         142 | Curtis      | Davies      | CDAVIES  | 650.121.2994       | 1997-01-29 | ST_CLERK   |  3100.00 |           NULL |        124 |            50 |
|         143 | Randall     | Matos       | RMATOS   | 650.121.2874       | 1998-03-15 | ST_CLERK   |  2600.00 |           NULL |        124 |            50 |
|         144 | Peter       | Vargas      | PVARGAS  | 650.121.2004       | 1998-07-09 | ST_CLERK   |  2500.00 |           NULL |        124 |            50 |
|         145 | John        | Russell     | JRUSSEL  | 011.44.1344.429268 | 1996-10-01 | SA_MAN     | 14000.00 |           0.40 |        100 |            80 |
|         146 | Karen       | Partners    | KPARTNER | 011.44.1344.467268 | 1997-01-05 | SA_MAN     | 13500.00 |           0.30 |        100 |            80 |
|         147 | Alberto     | Errazuriz   | AERRAZUR | 011.44.1344.429278 | 1997-03-10 | SA_MAN     | 12000.00 |           0.30 |        100 |            80 |
|         148 | Gerald      | Cambrault   | GCAMBRAU | 011.44.1344.619268 | 1999-10-15 | SA_MAN     | 11000.00 |           0.30 |        100 |            80 |
|         149 | Eleni       | Zlotkey     | EZLOTKEY | 011.44.1344.429018 | 2000-01-29 | SA_MAN     | 10500.00 |           0.20 |        100 |            80 |
|         150 | Peter       | Tucker      | PTUCKER  | 011.44.1344.129268 | 1997-01-30 | SA_REP     | 10000.00 |           0.30 |        145 |            80 |
|         151 | David       | Bernstein   | DBERNSTE | 011.44.1344.345268 | 1997-03-24 | SA_REP     |  9500.00 |           0.25 |        145 |            80 |
|         152 | Peter       | Hall        | PHALL    | 011.44.1344.478968 | 1997-08-20 | SA_REP     |  9000.00 |           0.25 |        145 |            80 |
|         153 | Christopher | Olsen       | COLSEN   | 011.44.1344.498718 | 1998-03-30 | SA_REP     |  8000.00 |           0.20 |        145 |            80 |
|         154 | Nanette     | Cambrault   | NCAMBRAU | 011.44.1344.987668 | 1998-12-09 | SA_REP     |  7500.00 |           0.20 |        145 |            80 |
|         155 | Oliver      | Tuvault     | OTUVAULT | 011.44.1344.486508 | 1999-11-23 | SA_REP     |  7000.00 |           0.15 |        145 |            80 |
|         156 | Janette     | King        | JKING    | 011.44.1345.429268 | 1996-01-30 | SA_REP     | 10000.00 |           0.35 |        146 |            80 |
|         157 | Patrick     | Sully       | PSULLY   | 011.44.1345.929268 | 1996-03-04 | SA_REP     |  9500.00 |           0.35 |        146 |            80 |
|         158 | Allan       | McEwen      | AMCEWEN  | 011.44.1345.829268 | 1996-08-01 | SA_REP     |  9000.00 |           0.35 |        146 |            80 |
|         159 | Lindsey     | Smith       | LSMITH   | 011.44.1345.729268 | 1997-03-10 | SA_REP     |  8000.00 |           0.30 |        146 |            80 |
|         160 | Louise      | Doran       | LDORAN   | 011.44.1345.629268 | 1997-12-15 | SA_REP     |  7500.00 |           0.30 |        146 |            80 |
|         161 | Sarath      | Sewall      | SSEWALL  | 011.44.1345.529268 | 1998-11-03 | SA_REP     |  7000.00 |           0.25 |        146 |            80 |
|         162 | Clara       | Vishney     | CVISHNEY | 011.44.1346.129268 | 1997-11-11 | SA_REP     | 10500.00 |           0.25 |        147 |            80 |
|         163 | Danielle    | Greene      | DGREENE  | 011.44.1346.229268 | 1999-03-19 | SA_REP     |  9500.00 |           0.15 |        147 |            80 |
|         164 | Mattea      | Marvins     | MMARVINS | 011.44.1346.329268 | 2000-01-24 | SA_REP     |  7200.00 |           0.10 |        147 |            80 |
|         165 | David       | Lee         | DLEE     | 011.44.1346.529268 | 2000-02-23 | SA_REP     |  6800.00 |           0.10 |        147 |            80 |
|         166 | Sundar      | Ande        | SANDE    | 011.44.1346.629268 | 2000-03-24 | SA_REP     |  6400.00 |           0.10 |        147 |            80 |
|         167 | Amit        | Banda       | ABANDA   | 011.44.1346.729268 | 2000-04-21 | SA_REP     |  6200.00 |           0.10 |        147 |            80 |
|         168 | Lisa        | Ozer        | LOZER    | 011.44.1343.929268 | 1997-03-11 | SA_REP     | 11500.00 |           0.25 |        148 |            80 |
|         169 | Harrison    | Bloom       | HBLOOM   | 011.44.1343.829268 | 1998-03-23 | SA_REP     | 10000.00 |           0.20 |        148 |            80 |
|         170 | Tayler      | Fox         | TFOX     | 011.44.1343.729268 | 1998-01-24 | SA_REP     |  9600.00 |           0.20 |        148 |            80 |
|         171 | William     | Smith       | WSMITH   | 011.44.1343.629268 | 1999-02-23 | SA_REP     |  7400.00 |           0.15 |        148 |            80 |
|         172 | Elizabeth   | Bates       | EBATES   | 011.44.1343.529268 | 1999-03-24 | SA_REP     |  7300.00 |           0.15 |        148 |            80 |
|         173 | Sundita     | Kumar       | SKUMAR   | 011.44.1343.329268 | 2000-04-21 | SA_REP     |  6100.00 |           0.10 |        148 |            80 |
|         174 | Ellen       | Abel        | EABEL    | 011.44.1644.429267 | 1996-05-11 | SA_REP     | 11000.00 |           0.30 |        149 |            80 |
|         175 | Alyssa      | Hutton      | AHUTTON  | 011.44.1644.429266 | 1997-03-19 | SA_REP     |  8800.00 |           0.25 |        149 |            80 |
|         176 | Jonathon    | Taylor      | JTAYLOR  | 011.44.1644.429265 | 1998-03-24 | SA_REP     |  8600.00 |           0.20 |        149 |            80 |
|         177 | Jack        | Livingston  | JLIVINGS | 011.44.1644.429264 | 1998-04-23 | SA_REP     |  8400.00 |           0.20 |        149 |            80 |
|         178 | Kimberely   | Grant       | KGRANT   | 011.44.1644.429263 | 1999-05-24 | SA_REP     |  7000.00 |           0.15 |        149 |          NULL |
|         179 | Charles     | Johnson     | CJOHNSON | 011.44.1644.429262 | 2000-01-04 | SA_REP     |  6200.00 |           0.10 |        149 |            80 |
|         180 | Winston     | Taylor      | WTAYLOR  | 650.507.9876       | 1998-01-24 | SH_CLERK   |  3200.00 |           NULL |        120 |            50 |
|         181 | Jean        | Fleaur      | JFLEAUR  | 650.507.9877       | 1998-02-23 | SH_CLERK   |  3100.00 |           NULL |        120 |            50 |
|         182 | Martha      | Sullivan    | MSULLIVA | 650.507.9878       | 1999-06-21 | SH_CLERK   |  2500.00 |           NULL |        120 |            50 |
|         183 | Girard      | Geoni       | GGEONI   | 650.507.9879       | 2000-02-03 | SH_CLERK   |  2800.00 |           NULL |        120 |            50 |
|         184 | Nandita     | Sarchand    | NSARCHAN | 650.509.1876       | 1996-01-27 | SH_CLERK   |  4200.00 |           NULL |        121 |            50 |
|         185 | Alexis      | Bull        | ABULL    | 650.509.2876       | 1997-02-20 | SH_CLERK   |  4100.00 |           NULL |        121 |            50 |
|         186 | Julia       | Dellinger   | JDELLING | 650.509.3876       | 1998-06-24 | SH_CLERK   |  3400.00 |           NULL |        121 |            50 |
|         187 | Anthony     | Cabrio      | ACABRIO  | 650.509.4876       | 1999-02-07 | SH_CLERK   |  3000.00 |           NULL |        121 |            50 |
|         188 | Kelly       | Chung       | KCHUNG   | 650.505.1876       | 1997-06-14 | SH_CLERK   |  3800.00 |           NULL |        122 |            50 |
|         189 | Jennifer    | Dilly       | JDILLY   | 650.505.2876       | 1997-08-13 | SH_CLERK   |  3600.00 |           NULL |        122 |            50 |
|         190 | Timothy     | Gates       | TGATES   | 650.505.3876       | 1998-07-11 | SH_CLERK   |  2900.00 |           NULL |        122 |            50 |
|         191 | Randall     | Perkins     | RPERKINS | 650.505.4876       | 1999-12-19 | SH_CLERK   |  2500.00 |           NULL |        122 |            50 |
|         192 | Sarah       | Bell        | SBELL    | 650.501.1876       | 1996-02-04 | SH_CLERK   |  4000.00 |           NULL |        123 |            50 |
|         193 | Britney     | Everett     | BEVERETT | 650.501.2876       | 1997-03-03 | SH_CLERK   |  3900.00 |           NULL |        123 |            50 |
|         194 | Samuel      | McCain      | SMCCAIN  | 650.501.3876       | 1998-07-01 | SH_CLERK   |  3200.00 |           NULL |        123 |            50 |
|         195 | Vance       | Jones       | VJONES   | 650.501.4876       | 1999-03-17 | SH_CLERK   |  2800.00 |           NULL |        123 |            50 |
|         196 | Alana       | Walsh       | AWALSH   | 650.507.9811       | 1998-04-24 | SH_CLERK   |  3100.00 |           NULL |        124 |            50 |
|         197 | Kevin       | Feeney      | KFEENEY  | 650.507.9822       | 1998-05-23 | SH_CLERK   |  3000.00 |           NULL |        124 |            50 |
|         198 | Donald      | OConnell    | DOCONNEL | 650.507.9833       | 1999-06-21 | SH_CLERK   |  2600.00 |           NULL |        124 |            50 |
|         199 | Douglas     | Grant       | DGRANT   | 650.507.9844       | 2000-01-13 | SH_CLERK   |  2600.00 |           NULL |        124 |            50 |
|         200 | Jennifer    | Whalen      | JWHALEN  | 515.123.4444       | 1987-09-17 | AD_ASST    |  4400.00 |           NULL |        101 |            10 |
|         201 | Michael     | Hartstein   | MHARTSTE | 515.123.5555       | 1996-02-17 | MK_MAN     | 13000.00 |           NULL |        100 |            20 |
|         202 | Pat         | Fay         | PFAY     | 603.123.6666       | 1997-08-17 | MK_REP     |  6000.00 |           NULL |        201 |            20 |
|         203 | Susan       | Mavris      | SMAVRIS  | 515.123.7777       | 1994-06-07 | HR_REP     |  6500.00 |           NULL |        101 |            40 |
|         204 | Hermann     | Baer        | HBAER    | 515.123.8888       | 1994-06-07 | PR_REP     | 10000.00 |           NULL |        101 |            70 |
|         205 | Shelley     | Higgins     | SHIGGINS | 515.123.8080       | 1994-06-07 | AC_MGR     | 12000.00 |           NULL |        101 |           110 |
|         206 | William     | Gietz       | WGIETZ   | 51hr5.123.8181     | 1994-06-07 | AC_ACCOUNT |  8300.00 |           NULL |        205 |           110 |
+-------------+-------------+-------------+----------+--------------------+------------+------------+----------+----------------+------------+---------------+
107 rows in set (0.093 sec)

MariaDB [hr]> select employee_id, first_name from employees where salary = (select max(salary) from employees where job_id like '%clerk%');
+-------------+------------+
| employee_id | first_name |
+-------------+------------+
|         107 | Diana      |
|         184 | Nandita    |
+-------------+------------+
2 rows in set (0.008 sec)

MariaDB [hr]> select employee_id, first_name,salary from employees where salary = (select max(salary) from employees where job_id like '%clerk%');
+-------------+------------+---------+
| employee_id | first_name | salary  |
+-------------+------------+---------+
|         107 | Diana      | 4200.00 |
|         184 | Nandita    | 4200.00 |
+-------------+------------+---------+
2 rows in set (0.001 sec)

MariaDB [hr]> select employee_id, first_name,salary from employees where job_id like '%account%' having salary > (select max(salary) from employees where job_id like '%clerk%');
+-------------+-------------+---------+
| employee_id | first_name  | salary  |
+-------------+-------------+---------+
|         109 | Daniel      | 9000.00 |
|         110 | John        | 8200.00 |
|         111 | Ismael      | 7700.00 |
|         112 | Jose Manuel | 7800.00 |
|         113 | Luis        | 6900.00 |
|         206 | William     | 8300.00 |
+-------------+-------------+---------+
6 rows in set (0.001 sec)

MariaDB [hr]> select max(salary) from employees where job_id like '%clerk%';
+-------------+
| max(salary) |
+-------------+
|     4200.00 |
+-------------+
1 row in set (0.001 sec)

MariaDB [hr]> select first_name from employees where job_id like '%clerk%' having salary > (select min(salary) from employees where job_id like '%prog%');
ERROR 1054 (42S22): Unknown column 'salary' in 'having clause'
MariaDB [hr]> select employee_id, first_name,salary from employees where job_id like '%clerk%' having salary > (select min(salary) from employees where job_id like '%prog%');
Empty set (0.001 sec)

MariaDB [hr]> select employee_id, first_name from employees having salary > (select salary from employees where first_name like '%peter%' or '%lisa%');
ERROR 1054 (42S22): Unknown column 'salary' in 'having clause'
MariaDB [hr]> select employee_id, first_name from employees where salary > (select salary from employees where first_name like '%peter%' or '%lisa%');
ERROR 1242 (21000): Subquery returns more than 1 row
MariaDB [hr]> select employee_id, first_name from employees where salary > in (select salary from employees where first_name like '%peter%' or '%lisa%');
ERROR 1064 (42000): You have an error in your SQL syntax; check the manual that corresponds to your MariaDB server version for the right syntax to use near 'in (select salary from employees where first_name like '%peter%' or '%lisa%')' at line 1
MariaDB [hr]> select employee_id, first_name from employees where salary in (select salary from employees where first_name like '%peter%' or '%lisa%');
+-------------+------------+
| employee_id | first_name |
+-------------+------------+
|         103 | Alexander  |
|         109 | Daniel     |
|         119 | Karen      |
|         131 | James      |
|         140 | Joshua     |
|         144 | Peter      |
|         150 | Peter      |
|         152 | Peter      |
|         156 | Janette    |
|         158 | Allan      |
|         169 | Harrison   |
|         182 | Martha     |
|         191 | Randall    |
|         204 | Hermann    |
+-------------+------------+
14 rows in set, 4 warnings (0.002 sec)

MariaDB [hr]> select employee_id, first_name from employees where salary in (select salary from employees where first_name or last_name like '%peter%' or '%lisa%');
Empty set, 111 warnings (0.002 sec)

MariaDB [hr]> select employee_id, first_name from employees where salary in (select salary from employees having salary > where first_name like '%peter%' or '%lisa%');
ERROR 1064 (42000): You have an error in your SQL syntax; check the manual that corresponds to your MariaDB server version for the right syntax to use near 'where first_name like '%peter%' or '%lisa%')' at line 1
MariaDB [hr]> select employee_id, first_name from employees where salary in (select salary from employees having salary > where first_name like '%peter%' or '%lisa%');
ERROR 1064 (42000): You have an error in your SQL syntax; check the manual that corresponds to your MariaDB server version for the right syntax to use near 'where first_name like '%peter%' or '%lisa%')' at line 1
MariaDB [hr]> select employee_id, first_name from employees where salary in (select from employees having salary > where first_name like '%peter%' or '%lisa%');
ERROR 1064 (42000): You have an error in your SQL syntax; check the manual that corresponds to your MariaDB server version for the right syntax to use near 'from employees having salary > where first_name like '%peter%' or '%lisa%')' at line 1
MariaDB [hr]> select employee_id, first_name from employees where salary in (select salary from employees where salary > having first_name like '%peter%' or '%lisa%');
ERROR 1064 (42000): You have an error in your SQL syntax; check the manual that corresponds to your MariaDB server version for the right syntax to use near 'having first_name like '%peter%' or '%lisa%')' at line 1
MariaDB [hr]> select employee_id, first_name from employees where salary in (select salary from employees where salary > having first_name like '%peter%');
ERROR 1064 (42000): You have an error in your SQL syntax; check the manual that corresponds to your MariaDB server version for the right syntax to use near 'having first_name like '%peter%')' at line 1
MariaDB [hr]> select employee_id, first_name from employees where salary in (select salary from employees having salary > where first_name like '%peter%' or '%lisa%');
ERROR 1064 (42000): You have an error in your SQL syntax; check the manual that corresponds to your MariaDB server version for the right syntax to use near 'where first_name like '%peter%' or '%lisa%')' at line 1
MariaDB [hr]> select salary from employees where salary > first_name like '%peter%' or '%lisa%';
+----------+
| salary   |
+----------+
| 24000.00 |
| 17000.00 |
| 17000.00 |
|  9000.00 |
|  6000.00 |
|  4800.00 |
|  4800.00 |
|  4200.00 |
| 12000.00 |
|  9000.00 |
|  8200.00 |
|  7700.00 |
|  7800.00 |
|  6900.00 |
| 11000.00 |
|  3100.00 |
|  2900.00 |
|  2800.00 |
|  2600.00 |
|  2500.00 |
|  8000.00 |
|  8200.00 |
|  7900.00 |
|  6500.00 |
|  5800.00 |
|  3200.00 |
|  2700.00 |
|  2400.00 |
|  2200.00 |
|  3300.00 |
|  2800.00 |
|  2500.00 |
|  2100.00 |
|  3300.00 |
|  2900.00 |
|  2400.00 |
|  2200.00 |
|  3600.00 |
|  3200.00 |
|  2700.00 |
|  2500.00 |
|  3500.00 |
|  3100.00 |
|  2600.00 |
|  2500.00 |
| 14000.00 |
| 13500.00 |
| 12000.00 |
| 11000.00 |
| 10500.00 |
| 10000.00 |
|  9500.00 |
|  9000.00 |
|  8000.00 |
|  7500.00 |
|  7000.00 |
| 10000.00 |
|  9500.00 |
|  9000.00 |
|  8000.00 |
|  7500.00 |
|  7000.00 |
| 10500.00 |
|  9500.00 |
|  7200.00 |
|  6800.00 |
|  6400.00 |
|  6200.00 |
| 11500.00 |
| 10000.00 |
|  9600.00 |
|  7400.00 |
|  7300.00 |
|  6100.00 |
| 11000.00 |
|  8800.00 |
|  8600.00 |
|  8400.00 |
|  7000.00 |
|  6200.00 |
|  3200.00 |
|  3100.00 |
|  2500.00 |
|  2800.00 |
|  4200.00 |
|  4100.00 |
|  3400.00 |
|  3000.00 |
|  3800.00 |
|  3600.00 |
|  2900.00 |
|  2500.00 |
|  4000.00 |
|  3900.00 |
|  3200.00 |
|  2800.00 |
|  3100.00 |
|  3000.00 |
|  2600.00 |
|  2600.00 |
|  4400.00 |
| 13000.00 |
|  6000.00 |
|  6500.00 |
| 10000.00 |
| 12000.00 |
|  8300.00 |
+----------+
107 rows in set, 4 warnings (0.001 sec)

MariaDB [hr]> select first_name from employee group by department_id having salary > avg(salary);
ERROR 1146 (42S02): Table 'hr.employee' doesn't exist
MariaDB [hr]> select first_name from employees group by department_id having salary > avg(salary);
ERROR 1054 (42S22): Unknown column 'salary' in 'having clause'
MariaDB [hr]> select first_name from employees group by department_id where salary > avg(salary);
ERROR 1064 (42000): You have an error in your SQL syntax; check the manual that corresponds to your MariaDB server version for the right syntax to use near 'where salary > avg(salary)' at line 1
MariaDB [hr]> select first_name, avg(salary) from employees group by department_id where salary > avg(salary);
ERROR 1064 (42000): You have an error in your SQL syntax; check the manual that corresponds to your MariaDB server version for the right syntax to use near 'where salary > avg(salary)' at line 1
MariaDB [hr]> select first_name, avg(salary) from employees group by department_id having salary > avg(salary);
ERROR 1054 (42S22): Unknown column 'salary' in 'having clause'
MariaDB [hr]> select first_name from employees group by department_id;
+------------+
| first_name |
+------------+
| Kimberely  |
| Jennifer   |
| Michael    |
| Den        |
| Susan      |
| Matthew    |
| Alexander  |
| Hermann    |
| John       |
| Steven     |
| Nancy      |
| Shelley    |
+------------+
12 rows in set (0.003 sec)

MariaDB [hr]> select first_name, department_id from employees group by department_id;
+------------+---------------+
| first_name | department_id |
+------------+---------------+
| Kimberely  |          NULL |
| Jennifer   |            10 |
| Michael    |            20 |
| Den        |            30 |
| Susan      |            40 |
| Matthew    |            50 |
| Alexander  |            60 |
| Hermann    |            70 |
| John       |            80 |
| Steven     |            90 |
| Nancy      |           100 |
| Shelley    |           110 |
+------------+---------------+
12 rows in set (0.001 sec)

MariaDB [hr]> select first_name, department_id from employees having salary > avg(salary);
ERROR 1054 (42S22): Unknown column 'salary' in 'having clause'
MariaDB [hr]> select first_name, department_id from employees where salary > avg(salary);
ERROR 1111 (HY000): Invalid use of group function
MariaDB [hr]> select first_name, department_id from employees group by department_id;
+------------+---------------+
| first_name | department_id |
+------------+---------------+
| Kimberely  |          NULL |
| Jennifer   |            10 |
| Michael    |            20 |
| Den        |            30 |
| Susan      |            40 |
| Matthew    |            50 |
| Alexander  |            60 |
| Hermann    |            70 |
| John       |            80 |
| Steven     |            90 |
| Nancy      |           100 |
| Shelley    |           110 |
+------------+---------------+
12 rows in set (0.001 sec)

MariaDB [(none)]> select first_name, count(department_id) as c from table having c >1;
ERROR 1064 (42000): You have an error in your SQL syntax; check the manual that corresponds to your MariaDB server version for the right syntax to use near 'table having c >1' at line 1
MariaDB [(none)]> select first_name, count(department_id) as c from table where c > 1;
ERROR 1064 (42000): You have an error in your SQL syntax; check the manual that corresponds to your MariaDB server version for the right syntax to use near 'table where c > 1' at line 1
MariaDB [(none)]> SELECT * FROM employees 
    -> WHERE salary > 
    -> ALL(SELECT avg(salary)FROM employees GROUP BY department_id);
ERROR 1046 (3D000): No database selected
MariaDB [(none)]> use hr;
Database changed
MariaDB [hr]> SELECT * FROM employees 
    -> WHERE salary > 
    -> ALL(SELECT avg(salary)FROM employees GROUP BY department_id);
+-------------+------------+-----------+-------+--------------+------------+---------+----------+----------------+------------+---------------+
| employee_id | first_name | last_name | email | phone_number | hire_date  | job_id  | salary   | commission_pct | manager_id | department_id |
+-------------+------------+-----------+-------+--------------+------------+---------+----------+----------------+------------+---------------+
|         100 | Steven     | King      | SKING | 515.123.4567 | 1987-06-17 | AD_PRES | 24000.00 |           NULL |       NULL |            90 |
+-------------+------------+-----------+-------+--------------+------------+---------+----------+----------------+------------+---------------+
1 row in set (0.002 sec)

MariaDB [hr]> select first_name from employees where salary > all(select avg(salary) from employees group by department_id);
+------------+
| first_name |
+------------+
| Steven     |
+------------+
1 row in set (0.001 sec)

MariaDB [hr]> select first_name from employees where salary = all(select max(salary) from employees group by department_id);
Empty set (0.004 sec)

MariaDB [hr]> select first_name from employees where salary = all(select max(salary) from employees );
+------------+
| first_name |
+------------+
| Steven     |
+------------+
1 row in set (0.004 sec)

MariaDB [hr]> select first_name from employees where salary < all(select avg(salary) from employees group by department_id);
+------------+
| first_name |
+------------+
| Alexander  |
| Shelli     |
| Sigal      |
| Guy        |
| Karen      |
| Julia      |
| Irene      |
| James      |
| Steven     |
| Laura      |
| Mozhe      |
| James      |
| TJ         |
| Jason      |
| Michael    |
| Ki         |
| Hazel      |
| Stephen    |
| John       |
| Joshua     |
| Curtis     |
| Randall    |
| Peter      |
| Winston    |
| Jean       |
| Martha     |
| Girard     |
| Julia      |
| Anthony    |
| Timothy    |
| Randall    |
| Samuel     |
| Vance      |
| Alana      |
| Kevin      |
| Donald     |
| Douglas    |
+------------+
37 rows in set (0.001 sec)

MariaDB [hr]> select first_name, last_name, salary from employees where salary < all(select avg(salary) from employees group by department_id);
+------------+-------------+---------+
| first_name | last_name   | salary  |
+------------+-------------+---------+
| Alexander  | Khoo        | 3100.00 |
| Shelli     | Baida       | 2900.00 |
| Sigal      | Tobias      | 2800.00 |
| Guy        | Himuro      | 2600.00 |
| Karen      | Colmenares  | 2500.00 |
| Julia      | Nayer       | 3200.00 |
| Irene      | Mikkilineni | 2700.00 |
| James      | Landry      | 2400.00 |
| Steven     | Markle      | 2200.00 |
| Laura      | Bissot      | 3300.00 |
| Mozhe      | Atkinson    | 2800.00 |
| James      | Marlow      | 2500.00 |
| TJ         | Olson       | 2100.00 |
| Jason      | Mallin      | 3300.00 |
| Michael    | Rogers      | 2900.00 |
| Ki         | Gee         | 2400.00 |
| Hazel      | Philtanker  | 2200.00 |
| Stephen    | Stiles      | 3200.00 |
| John       | Seo         | 2700.00 |
| Joshua     | Patel       | 2500.00 |
| Curtis     | Davies      | 3100.00 |
| Randall    | Matos       | 2600.00 |
| Peter      | Vargas      | 2500.00 |
| Winston    | Taylor      | 3200.00 |
| Jean       | Fleaur      | 3100.00 |
| Martha     | Sullivan    | 2500.00 |
| Girard     | Geoni       | 2800.00 |
| Julia      | Dellinger   | 3400.00 |
| Anthony    | Cabrio      | 3000.00 |
| Timothy    | Gates       | 2900.00 |
| Randall    | Perkins     | 2500.00 |
| Samuel     | McCain      | 3200.00 |
| Vance      | Jones       | 2800.00 |
| Alana      | Walsh       | 3100.00 |
| Kevin      | Feeney      | 3000.00 |
| Donald     | OConnell    | 2600.00 |
| Douglas    | Grant       | 2600.00 |
+------------+-------------+---------+
37 rows in set (0.001 sec)

MariaDB [hr]> select first_name, last_name,department_id, salary from employees where salary < all(select avg(salary) from employees group by department_id);
+------------+-------------+---------------+---------+
| first_name | last_name   | department_id | salary  |
+------------+-------------+---------------+---------+
| Alexander  | Khoo        |            30 | 3100.00 |
| Shelli     | Baida       |            30 | 2900.00 |
| Sigal      | Tobias      |            30 | 2800.00 |
| Guy        | Himuro      |            30 | 2600.00 |
| Karen      | Colmenares  |            30 | 2500.00 |
| Julia      | Nayer       |            50 | 3200.00 |
| Irene      | Mikkilineni |            50 | 2700.00 |
| James      | Landry      |            50 | 2400.00 |
| Steven     | Markle      |            50 | 2200.00 |
| Laura      | Bissot      |            50 | 3300.00 |
| Mozhe      | Atkinson    |            50 | 2800.00 |
| James      | Marlow      |            50 | 2500.00 |
| TJ         | Olson       |            50 | 2100.00 |
| Jason      | Mallin      |            50 | 3300.00 |
| Michael    | Rogers      |            50 | 2900.00 |
| Ki         | Gee         |            50 | 2400.00 |
| Hazel      | Philtanker  |            50 | 2200.00 |
| Stephen    | Stiles      |            50 | 3200.00 |
| John       | Seo         |            50 | 2700.00 |
| Joshua     | Patel       |            50 | 2500.00 |
| Curtis     | Davies      |            50 | 3100.00 |
| Randall    | Matos       |            50 | 2600.00 |
| Peter      | Vargas      |            50 | 2500.00 |
| Winston    | Taylor      |            50 | 3200.00 |
| Jean       | Fleaur      |            50 | 3100.00 |
| Martha     | Sullivan    |            50 | 2500.00 |
| Girard     | Geoni       |            50 | 2800.00 |
| Julia      | Dellinger   |            50 | 3400.00 |
| Anthony    | Cabrio      |            50 | 3000.00 |
| Timothy    | Gates       |            50 | 2900.00 |
| Randall    | Perkins     |            50 | 2500.00 |
| Samuel     | McCain      |            50 | 3200.00 |
| Vance      | Jones       |            50 | 2800.00 |
| Alana      | Walsh       |            50 | 3100.00 |
| Kevin      | Feeney      |            50 | 3000.00 |
| Donald     | OConnell    |            50 | 2600.00 |
| Douglas    | Grant       |            50 | 2600.00 |
+------------+-------------+---------------+---------+
37 rows in set (0.001 sec)

MariaDB [hr]> select first_name, last_name,department_id,avg(salary), salary from employees where salary < all(select avg(salary) from employees group by department_id);
+------------+-----------+---------------+-------------+---------+
| first_name | last_name | department_id | avg(salary) | salary  |
+------------+-----------+---------------+-------------+---------+
| Alexander  | Khoo      |            30 | 2789.189189 | 3100.00 |
+------------+-----------+---------------+-------------+---------+
1 row in set (0.001 sec)

MariaDB [hr]> select first_name, last_name,department_id,salary, max(salary) from employees where salary > all(select avg(salary) from employees group by department_id);
+------------+-----------+---------------+----------+-------------+
| first_name | last_name | department_id | salary   | max(salary) |
+------------+-----------+---------------+----------+-------------+
| Steven     | King      |            90 | 24000.00 |    24000.00 |
+------------+-----------+---------------+----------+-------------+
1 row in set (0.001 sec)

MariaDB [hr]> select first_name, last_name,department_id,salary, max(salary) from employees where salary = all(select max(salary) from employees group by department_id);
+------------+-----------+---------------+--------+-------------+
| first_name | last_name | department_id | salary | max(salary) |
+------------+-----------+---------------+--------+-------------+
| NULL       | NULL      |          NULL |   NULL |        NULL |
+------------+-----------+---------------+--------+-------------+
1 row in set (0.001 sec)

MariaDB [hr]> show tables;
+------------------+
| Tables_in_hr     |
+------------------+
| countries        |
| departments      |
| emp_details_view |
| employees        |
| job_history      |
| jobs             |
| locations        |
| regions          |
+------------------+
8 rows in set (0.005 sec)

MariaDB [hr]> select * from departments;
+---------------+----------------------+------------+-------------+
| department_id | department_name      | manager_id | location_id |
+---------------+----------------------+------------+-------------+
|            10 | Administration       |        200 |        1700 |
|            20 | Marketing            |        201 |        1800 |
|            30 | Purchasing           |        114 |        1700 |
|            40 | Human Resources      |        203 |        2400 |
|            50 | Shipping             |        121 |        1500 |
|            60 | IT                   |        103 |        1400 |
|            70 | Public Relations     |        204 |        2700 |
|            80 | Sales                |        145 |        2500 |
|            90 | Executive            |        100 |        1700 |
|           100 | Finance              |        108 |        1700 |
|           110 | Accounting           |        205 |        1700 |
|           120 | Treasury             |       NULL |        1700 |
|           130 | Corporate Tax        |       NULL |        1700 |
|           140 | Control And Credit   |       NULL |        1700 |
|           150 | Shareholder Services |       NULL |        1700 |
|           160 | Benefits             |       NULL |        1700 |
|           170 | Manufacturing        |       NULL |        1700 |
|           180 | Construction         |       NULL |        1700 |
|           190 | Contracting          |       NULL |        1700 |
|           200 | Operations           |       NULL |        1700 |
|           210 | IT Support           |       NULL |        1700 |
|           220 | NOC                  |       NULL |        1700 |
|           230 | IT Helpdesk          |       NULL |        1700 |
|           240 | Government Sales     |       NULL |        1700 |
|           250 | Retail Sales         |       NULL |        1700 |
|           260 | Recruiting           |       NULL |        1700 |
|           270 | Payroll              |       NULL |        1700 |
+---------------+----------------------+------------+-------------+
27 rows in set (0.013 sec)

MariaDB [hr]> select first_name, department_id from employees where department_id = 100;
+-------------+---------------+
| first_name  | department_id |
+-------------+---------------+
| Nancy       |           100 |
| Daniel      |           100 |
| John        |           100 |
| Ismael      |           100 |
| Jose Manuel |           100 |
| Luis        |           100 |
+-------------+---------------+
6 rows in set (0.004 sec)

MariaDB [hr]> select first_name, last_name, department_id from employees where salary = all(select max(salary) from employees group by department_id);
Empty set (0.002 sec)

MariaDB [hr]> select first_name, last_name, department_id from employees where salary = select max(salary) from employees group by department_id;
ERROR 1064 (42000): You have an error in your SQL syntax; check the manual that corresponds to your MariaDB server version for the right syntax to use near 'select max(salary) from employees group by department_id' at line 1
MariaDB [hr]> select first_name, last_name, department_id from employees where salary = all(select max(salary) from employees group by department_id);
Empty set (0.001 sec)

MariaDB [hr]> select first_name, last_name from employees where salary in (select max(salary) from employees group by department_no);
ERROR 1054 (42S22): Unknown column 'department_no' in 'group statement'
MariaDB [hr]> select first_name, last_name from employees where salary in all(select max(salary) from employees group by department_no);
ERROR 1064 (42000): You have an error in your SQL syntax; check the manual that corresponds to your MariaDB server version for the right syntax to use near 'all(select max(salary) from employees group by department_no)' at line 1
MariaDB [hr]> select first_name, last_name,department_no from employees where salary in (select max(salary) from employees group by department_no);
ERROR 1054 (42S22): Unknown column 'department_no' in 'field list'
MariaDB [hr]> select first_name, last_name,department_id from employees where salary in (select max(salary) from employees group by department_id);
+------------+-----------+---------------+
| first_name | last_name | department_id |
+------------+-----------+---------------+
| Steven     | King      |            90 |
| Alexander  | Hunold    |            60 |
| Nancy      | Greenberg |           100 |
| Daniel     | Faviet    |           100 |
| John       | Chen      |           100 |
| Den        | Raphaely  |            30 |
| Adam       | Fripp     |            50 |
| Shanta     | Vollman   |            50 |
| John       | Russell   |            80 |
| Alberto    | Errazuriz |            80 |
| Gerald     | Cambrault |            80 |
| Peter      | Tucker    |            80 |
| Peter      | Hall      |            80 |
| Oliver     | Tuvault   |            80 |
| Janette    | King      |            80 |
| Allan      | McEwen    |            80 |
| Sarath     | Sewall    |            80 |
| Harrison   | Bloom     |            80 |
| Ellen      | Abel      |            80 |
| Kimberely  | Grant     |          NULL |
| Jennifer   | Whalen    |            10 |
| Michael    | Hartstein |            20 |
| Susan      | Mavris    |            40 |
| Hermann    | Baer      |            70 |
| Shelley    | Higgins   |           110 |
+------------+-----------+---------------+
25 rows in set (0.002 sec)

MariaDB [hr]> select first_name, last_name,department_id,salary from employees where salary in (select max(salary) from employees group by department_id);
+------------+-----------+---------------+----------+
| first_name | last_name | department_id | salary   |
+------------+-----------+---------------+----------+
| Steven     | King      |            90 | 24000.00 |
| Alexander  | Hunold    |            60 |  9000.00 |
| Nancy      | Greenberg |           100 | 12000.00 |
| Daniel     | Faviet    |           100 |  9000.00 |
| John       | Chen      |           100 |  8200.00 |
| Den        | Raphaely  |            30 | 11000.00 |
| Adam       | Fripp     |            50 |  8200.00 |
| Shanta     | Vollman   |            50 |  6500.00 |
| John       | Russell   |            80 | 14000.00 |
| Alberto    | Errazuriz |            80 | 12000.00 |
| Gerald     | Cambrault |            80 | 11000.00 |
| Peter      | Tucker    |            80 | 10000.00 |
| Peter      | Hall      |            80 |  9000.00 |
| Oliver     | Tuvault   |            80 |  7000.00 |
| Janette    | King      |            80 | 10000.00 |
| Allan      | McEwen    |            80 |  9000.00 |
| Sarath     | Sewall    |            80 |  7000.00 |
| Harrison   | Bloom     |            80 | 10000.00 |
| Ellen      | Abel      |            80 | 11000.00 |
| Kimberely  | Grant     |          NULL |  7000.00 |
| Jennifer   | Whalen    |            10 |  4400.00 |
| Michael    | Hartstein |            20 | 13000.00 |
| Susan      | Mavris    |            40 |  6500.00 |
| Hermann    | Baer      |            70 | 10000.00 |
| Shelley    | Higgins   |           110 | 12000.00 |
+------------+-----------+---------------+----------+
25 rows in set (0.001 sec)

MariaDB [hr]> select max(salary) from employees group by department_id;
+-------------+
| max(salary) |
+-------------+
|     7000.00 |
|     4400.00 |
|    13000.00 |
|    11000.00 |
|     6500.00 |
|     8200.00 |
|     9000.00 |
|    10000.00 |
|    14000.00 |
|    24000.00 |
|    12000.00 |
|    12000.00 |
+-------------+
12 rows in set (0.001 sec)

MariaDB [hr]> select first_name,last_name,department_id,max(salary) from employees group by department_id;
+------------+-----------+---------------+-------------+
| first_name | last_name | department_id | max(salary) |
+------------+-----------+---------------+-------------+
| Kimberely  | Grant     |          NULL |     7000.00 |
| Jennifer   | Whalen    |            10 |     4400.00 |
| Michael    | Hartstein |            20 |    13000.00 |
| Den        | Raphaely  |            30 |    11000.00 |
| Susan      | Mavris    |            40 |     6500.00 |
| Matthew    | Weiss     |            50 |     8200.00 |
| Alexander  | Hunold    |            60 |     9000.00 |
| Hermann    | Baer      |            70 |    10000.00 |
| John       | Russell   |            80 |    14000.00 |
| Steven     | King      |            90 |    24000.00 |
| Nancy      | Greenberg |           100 |    12000.00 |
| Shelley    | Higgins   |           110 |    12000.00 |
+------------+-----------+---------------+-------------+
12 rows in set (0.001 sec)

MariaDB [hr]> select max(salary) from employees where department_no = 70;
ERROR 1054 (42S22): Unknown column 'department_no' in 'where clause'
MariaDB [hr]> select max(salary) from employees where department_id = 70;
+-------------+
| max(salary) |
+-------------+
|    10000.00 |
+-------------+
1 row in set (0.001 sec)

